
> vite_react_shadcn_ts@0.0.0 build
> next build

  Ôû▓ Next.js 14.2.16

   Creating an optimized production build ...
node.exe : 
(node:31064) [DEP0040] 
DeprecationWarning: 
The `punycode` module 
is deprecated. Please 
use a userland 
alternative instead.
Au caractère 
C:\Program Files\nodejs
\npm.ps1:29 : 3
+   & $NODE_EXE 
$NPM_CLI_JS $args
+   ~~~~~~~~~~~~~~~~~~~
~~~~~~~~~~
    + CategoryInfo     
         : NotSpecifi  
  ed: ((node:31064)    
 [D...native instea    
d.:String) [], Rem    
oteException
    + FullyQualifiedEr 
   rorId : NativeComm  
  andError
 
(Use `node 
--trace-deprecation 
...` to show where the 
warning was created)
 ÔÜá For production 
Image Optimization 
with Next.js, the 
optional 'sharp' 
package is strongly 
recommended. Run 'npm 
i sharp', and Next.js 
will use it 
automatically for 
Image Optimization.
Read more: https://next
js.org/docs/messages/sh
arp-missing-in-producti
on
(node:8432) [DEP0040] 
DeprecationWarning: 
The `punycode` module 
is deprecated. Please 
use a userland 
alternative instead.
(Use `node 
--trace-deprecation 
...` to show where the 
warning was created)
 ÔÜá For production 
Image Optimization 
with Next.js, the 
optional 'sharp' 
package is strongly 
recommended. Run 'npm 
i sharp', and Next.js 
will use it 
automatically for 
Image Optimization.
Read more: https://next
js.org/docs/messages/sh
arp-missing-in-producti
on
Browserslist: browsers 
data (caniuse-lite) is 
9 months old. Please 
run:
  npx update-browsersli
st-db@latest
  Why you should do it 
regularly: https://gith
ub.com/browserslist/upd
ate-db#readme
Browserslist: 
caniuse-lite is 
outdated. Please run:
  npx update-browsersli
st-db@latest
  Why you should do it 
regularly: https://gith
ub.com/browserslist/upd
ate-db#readme
 Ô£ô Compiled successfully
   Linting and checking validity of types ...
   Collecting page data ...
   Generating static pages (0/19) ...
   Generating static pages (4/19) 
   Generating static pages (9/19) 
   Generating static pages (14/19) 
 Ô£ô Generating static pages (19/19)
   Finalizing page optimization ...
   Collecting build traces ...

Route (app)                              Size     First Load JS
Ôöî Ôùï /                                    2.28 kB         150 kB
Ôö£ Ôùï /_not-found                          143 B          87.7 kB
Ôö£ Ôùï /auth                                2.93 kB         146 kB
Ôö£ Ôùï /auth/admin                          2.98 kB         146 kB
Ôö£ Ôùï /auth/professeur                     2.98 kB         146 kB
Ôö£ Ôùï /auth/superadmin                     2.96 kB         146 kB
Ôö£ Ôùï /dashboard                           359 B           290 kB
Ôö£ Ôùï /dashboard/users                     2.64 kB         180 kB
Ôö£ Ôùï /espace-perso                        2.56 kB         185 kB
Ôö£ Ôùï /filieres                            3.36 kB         184 kB
Ôö£ Ôùï /insights                            1.19 kB         186 kB
Ôö£ Ôùï /matieres                            3.1 kB          192 kB
Ôö£ Ôùï /mockup                              8.04 kB         332 kB
Ôö£ Ôùï /professors                          1.67 kB         184 kB
Ôö£ ãÆ /professors/[id]                     134 kB          413 kB
Ôö£ Ôùï /schedule                            1.64 kB         194 kB
Ôö£ Ôùï /schedule/builder                    3.17 kB         181 kB
Ôöö Ôùï /simulation                          1.33 kB         197 kB
+ First Load JS shared by all            87.5 kB
  Ôö£ chunks/2117-d0f7028c2ad9dcc6.js      31.8 kB
  Ôö£ chunks/fd9d1056-7e2f47df778b58ec.js  53.6 kB
  Ôöö other shared chunks (total)          2.15 kB


Ôùï  (Static)   prerendered as static content
ãÆ  (Dynamic)  server-rendered on demand

